[xsite.singaporetech.edu.sg/d2l/loginh/index.html]
[backblue.gif]
[fade.gif]
[index.html]
[xsite.singaporetech.edu.sg/d2l/loginh/SIT/branding/images/tiles/tile-144.png]
[xsite.singaporetech.edu.sg/d2l/loginh/SIT/branding/images/tiles/browserconfig.xml]
[xsite.singaporetech.edu.sg/d2l/loginh/SIT/branding/css/narrow.css]
[xsite.singaporetech.edu.sg/d2l/loginh/SIT/branding/css/medium.css]
[xsite.singaporetech.edu.sg/d2l/loginh/SIT/branding/css/wide.css]
[hostedpages.brightspace.com/_lib/HostedLoginHelpers.js]
[xsite.singaporetech.edu.sg/d2l/loginh/js/main.js]
[www.google-analytics.com/analytics.js]
[xsite.singaporetech.edu.sg/d2l/loginh/SIT/branding/images/SIT-logo.png]
[xsite.singaporetech.edu.sg/d2l/loginh/SIT/branding/images/xsite-logo.png]
[xsite.singaporetech.edu.sg/d2l/loginh/login.html]
[xsite.singaporetech.edu.sg/d2l/loginh/SIT/branding/images/icons/64x64/check.png]
[xsite.singaporetech.edu.sg/d2l/loginh/SIT/branding/images/icons/64x64/browser.png]
[xsite.singaporetech.edu.sg/d2l/loginh/SIT/branding/images/icons/64x64/contact.png]
[xsite.singaporetech.edu.sg/d2l/loginh/SIT/branding/images/icons/64x64/download.png]
[xsite.singaporetech.edu.sg/d2l/loginh/SIT/branding/images/icons/64x64/guide.png]
[xsite.singaporetech.edu.sg/d2l/loginh/SIT/branding/images/icons/64x64/training.png]
[xsite.singaporetech.edu.sg/d2l/loginh/SIT/branding/images/icons/64x64/email.png]
[xsite.singaporetech.edu.sg/d2l/loginh/SIT/branding/images/icons/64x64/student.png]
[xsite.singaporetech.edu.sg/d2l/loginh/SIT/branding/images/icons/64x64/career.png]
[xsite.singaporetech.edu.sg/d2l/loginh/SIT/branding/images/students.png]
[xsite.singaporetech.edu.sg/d2l/loginh/index.html]
[fs.singaporetech.edu.sg/adfs/portal/illustration/illustration07bd.png]
[fs.singaporetech.edu.sg/adfs/portal/logo/logo3ccb.gif]
[fs.singaporetech.edu.sg/adfs/ls/index43e2.html]
[xsite.singaporetech.edu.sg/d2l/loginh/SIT/branding/images/bg-small.jpg]
[xsite.singaporetech.edu.sg/d2l/loginh/SIT/branding/images/grey-bg.png]
[xsite.singaporetech.edu.sg/d2l/loginh/SIT/branding/images/dividerbg.jpg]
[xsite.singaporetech.edu.sg/d2l/loginh/SIT/branding/images/sit-login-button.png]
[xsite.singaporetech.edu.sg/d2l/loginh/SIT/branding/images/guest-login-button.png]
[xsite.singaporetech.edu.sg/d2l/loginh/SIT/branding/css/narrow.css]
[xsite.singaporetech.edu.sg/d2l/loginh/SIT/branding/images/bg-medium.jpg]
[xsite.singaporetech.edu.sg/d2l/loginh/SIT/branding/images/redtap.png]
[xsite.singaporetech.edu.sg/d2l/loginh/SIT/branding/images/student.jpg]
[xsite.singaporetech.edu.sg/d2l/loginh/SIT/branding/images/student2.jpg]
[xsite.singaporetech.edu.sg/d2l/loginh/SIT/branding/css/medium.css]
[xsite.singaporetech.edu.sg/d2l/loginh/SIT/branding/images/bg.jpg]
[xsite.singaporetech.edu.sg/d2l/loginh/SIT/branding/css/wide.css]
[xsite.singaporetech.edu.sg/d2l/loginh/css/login.css]
[xsite.singaporetech.edu.sg/d2l/loginh/login.html]
[fs.singaporetech.edu.sg/adfs/portal/css/style7877.css]
[xsite.singaporetech.edu.sg/d2l/loginh/css/login.css]
